pass 42
pass x
pass ()
pass (())
pass (x)
pass (x)
pass (x y)
pass (x (y (z)))
pass (x (y (z)))
fail (
fail (x
fail (() x
