; false-is-false
(set-logic ALL)
(set-option :produce-models true)
(declare-fun tt () Bool)
(declare-fun tt0 () Bool)
(define-fun tt2 () Bool true)
(define-fun tt2_0 () Bool true)
(define-fun tt2_1 () Bool true)
(define-fun tt2_2 () Bool true)
(define-fun tt2_0_0 () Bool true)
(declare-fun ff () Bool)
(declare-fun negb (Bool) Bool)
(define-fun andb ((arg Bool) (arg0 Bool)) Bool (and arg arg0))
(assert (= tt true))
(assert (= tt tt2))
(assert (= ff false))
(assert (= (negb ff) true))
(assert (= (negb tt) false))
(assert (andb tt (negb ff)))
(check-sat-assuming (false))
(exit)

