0x0
0xf
0x2a
0x0
0xf
0xa
0x0000000000
0x000000000f
0x000000002a
none
none
some 0
some 0
some 15
some 15
some 15
some 42
some 42
some 42
